  --- Logical volume ---
  LV Path                /dev/centos/swap
  LV Name                swap
  VG Name                centos
  LV UUID                37rCbD-8aXA-LoOD-nnSB-uw6G-TeIV-nBwpYF
  LV Write Access        read/write
  LV Creation host, time localhost, 2016-09-30 15:06:24 -0600
  LV Status              available
  # open                 2
  LV Size                4.00 GiB
  Current LE             1024
  Segments               1
  Allocation             inherit
  Read ahead sectors     auto
  - currently set to     8192
  Block device           253:1
   
  --- Logical volume ---
  LV Path                /dev/centos/root
  LV Name                root
  VG Name                centos
  LV UUID                hT3m0M-7y7o-soWX-03fX-FWrY-Nxw4-nB9XRb
  LV Write Access        read/write
  LV Creation host, time localhost, 2016-09-30 15:06:25 -0600
  LV Status              available
  # open                 1
  LV Size                2.50 GiB
  Current LE             639
  Segments               1
  Allocation             inherit
  Read ahead sectors     auto
  - currently set to     8192
  Block device           253:0
   
  --- Logical volume ---
  LV Path                /dev/centos/home
  LV Name                home
  VG Name                centos
  LV UUID                S5Octc-L8ty-dU13-PGRk-hsQv-XcfJ-erfX27
  LV Write Access        read/write
  LV Creation host, time localhost, 2016-09-30 15:06:26 -0600
  LV Status              available
  # open                 1
  LV Size                3.00 GiB
  Current LE             768
  Segments               1
  Allocation             inherit
  Read ahead sectors     auto
  - currently set to     8192
  Block device           253:2
   
